Checking environment variables...
PORT: 5000
GEMINI_API_KEY: Present (Hidden)
GEMINI_MODEL: gemini-2.5-flash
Using model: "gemini-2.5-flash"
node : Γ¥î Test Failed 
with Error:
At line:1 char:1
+ node test-gemini.js > 
test_output.txt 2>&1
+ ~~~~~~~~~~~~~~~~~~~~~~~~~
~~~~~~~~~~~~~~~~~
    + CategoryInfo         
     : NotSpecified: (Γ¥î  
   Test Failed with Erro   
 r::String) [], RemoteE    
xception
    + FullyQualifiedErrorI 
   d : NativeCommandError
 
ReferenceError: result is 
not defined
    at testGemini (file:///
D:/AI-Blog/backend/test-gem
ini.js:32:22)
    at file:///D:/AI-Blog/b
ackend/test-gemini.js:51:1
    at ModuleJob.run (node:
internal/modules/esm/module
_job:430:25)
    at async onImport.trace
Promise.__proto__ (node:int
ernal/modules/esm/loader:66
1:26)
    at async asyncRunEntryP
ointWithESMLoader (node:int
ernal/modules/run_main:101:
5)
